[www.codeviral.in/index.html]
[backblue.gif]
[fade.gif]
[index.html]
[www.codeviral.in/favicon.ico]
[www.codeviral.in/_next/static/css/3e52ebbc76415c13.css]
[www.codeviral.in/_next/static/chunks/polyfills-5cd94c89d3acac5f.js]
[www.codeviral.in/_next/static/chunks/webpack-5752944655d749a0.js]
[www.codeviral.in/_next/static/chunks/framework-fc97f3f1282ce3ed.js]
[www.codeviral.in/_next/static/chunks/main-1ff0eb5ba06dbf11.js]
[www.codeviral.in/_next/static/chunks/pages/_app-b3529bcfc03ceb30.js]
[www.codeviral.in/_next/static/chunks/pages/index-d1077ea0a6216562.js]
[www.codeviral.in/_next/static/xzMVlhIOWQ4Xgj3HtFe81/_buildManifest.js]
[www.codeviral.in/_next/static/xzMVlhIOWQ4Xgj3HtFe81/_ssgManifest.js]
[www.codeviral.in/_next/static/xzMVlhIOWQ4Xgj3HtFe81/_middlewareManifest.js]
[www.codeviral.in/contact]
[www.codeviral.in/u/createaccount]
[www.codeviral.in/u/login]
[www.codeviral.in/index.html]
[www.codeviral.in/_next/static/css/3e52ebbc76415c13.css]
[www.codeviral.in/u/createPost]
[www.codeviral.in/_next/static/css/034bdfc47ed385af.css]
[www.codeviral.in/contact]
[www.codeviral.in/_next/static/chunks/pages/contact-4a89a02f34d2cb55.js]
[www.codeviral.in/u/createaccount]
[www.codeviral.in/_next/static/chunks/pages/u/createaccount-63e96ac5364cd158.js]
[www.codeviral.in/_next/static/chunks/pages/u/login-a3eca2176f3655e6.js]
[www.codeviral.in/u/login]
[www.codeviral.in/resetPass]
[www.codeviral.in/u/createPost]
[www.codeviral.in/_next/static/css/034bdfc47ed385af.css]
[www.codeviral.in/_next/static/chunks/pages/u/createPost-93c18ecb8e773f1f.js]
[www.codeviral.in/resetPass]
[www.codeviral.in/_next/static/chunks/pages/resetPass-c8b200d876e21c10.js]
